// Jest Snapshot v1, https://goo.gl/fbAQLP

exports[`readValueFromSources throws Error when property requires source but one is not provided 1`] = `"Configuration setting 'foo' expects source 'ProcessEnv' to be provided, but it wasn't."`;
